<?xml version="1.0" encoding="utf-8"?><testsuites><testsuite name="pytest" errors="0" failures="0" skipped="0" tests="0" time="0.022" timestamp="2022-07-09T17:32:17.356644" hostname="DESKTOP-7VB37LP" /></testsuites>